Connecting to MongoDB...
Γ£à SUCCESS: Connected to MongoDB Atlas!
